[0.061s] Invoking command in '/home/melissa/Documentos/Servicio/Pumanoids/build/mujoco': CMAKE_PREFIX_PATH=${CMAKE_PREFIX_PATH}:/opt/ros/jazzy DEBUGINFOD_URLS=https://debuginfod.ubuntu.com /usr/bin/cmake /home/melissa/Documentos/Servicio/Pumanoids/colcon_ws/src/simulation/mujoco -DCMAKE_INSTALL_PREFIX=/home/melissa/Documentos/Servicio/Pumanoids/install/mujoco
[0.504s] -- The C compiler identification is GNU 13.3.0
[1.073s] -- The CXX compiler identification is GNU 13.3.0
[1.210s] -- Detecting C compiler ABI info
[1.983s] -- Detecting C compiler ABI info - done
[2.084s] -- Check for working C compiler: /usr/bin/cc - skipped
[2.089s] -- Detecting C compile features
[2.095s] -- Detecting C compile features - done
[2.190s] -- Detecting CXX compiler ABI info
[3.245s] -- Detecting CXX compiler ABI info - done
[3.379s] -- Check for working CXX compiler: /usr/bin/c++ - skipped
[3.380s] -- Detecting CXX compile features
[3.389s] -- Detecting CXX compile features - done
[3.433s] -- Found ament_cmake: 2.5.4 (/opt/ros/jazzy/share/ament_cmake/cmake)
[5.175s] -- Found Python3: /usr/bin/python3 (found version "3.12.3") found components: Interpreter 
[6.773s] -- Found ament_lint_auto: 0.17.3 (/opt/ros/jazzy/share/ament_lint_auto/cmake)
[8.203s] -- Added test 'lint_cmake' to check CMake code style
[8.220s] -- Added test 'xmllint' to check XML markup files
[8.264s] -- Configuring done (8.1s)
[8.293s] -- Generating done (0.0s)
[8.316s] -- Build files have been written to: /home/melissa/Documentos/Servicio/Pumanoids/build/mujoco
[8.367s] Invoked command in '/home/melissa/Documentos/Servicio/Pumanoids/build/mujoco' returned '0': CMAKE_PREFIX_PATH=${CMAKE_PREFIX_PATH}:/opt/ros/jazzy DEBUGINFOD_URLS=https://debuginfod.ubuntu.com /usr/bin/cmake /home/melissa/Documentos/Servicio/Pumanoids/colcon_ws/src/simulation/mujoco -DCMAKE_INSTALL_PREFIX=/home/melissa/Documentos/Servicio/Pumanoids/install/mujoco
[8.381s] Invoking command in '/home/melissa/Documentos/Servicio/Pumanoids/build/mujoco': CMAKE_PREFIX_PATH=${CMAKE_PREFIX_PATH}:/opt/ros/jazzy DEBUGINFOD_URLS=https://debuginfod.ubuntu.com /usr/bin/cmake --build /home/melissa/Documentos/Servicio/Pumanoids/build/mujoco -- -j4 -l4
[8.897s] Invoked command in '/home/melissa/Documentos/Servicio/Pumanoids/build/mujoco' returned '0': CMAKE_PREFIX_PATH=${CMAKE_PREFIX_PATH}:/opt/ros/jazzy DEBUGINFOD_URLS=https://debuginfod.ubuntu.com /usr/bin/cmake --build /home/melissa/Documentos/Servicio/Pumanoids/build/mujoco -- -j4 -l4
[9.053s] Invoking command in '/home/melissa/Documentos/Servicio/Pumanoids/build/mujoco': CMAKE_PREFIX_PATH=${CMAKE_PREFIX_PATH}:/opt/ros/jazzy DEBUGINFOD_URLS=https://debuginfod.ubuntu.com /usr/bin/cmake --install /home/melissa/Documentos/Servicio/Pumanoids/build/mujoco
[9.155s] -- Install configuration: ""
[9.161s] -- Installing: /home/melissa/Documentos/Servicio/Pumanoids/install/mujoco/share/ament_index/resource_index/package_run_dependencies/mujoco
[9.162s] -- Installing: /home/melissa/Documentos/Servicio/Pumanoids/install/mujoco/share/ament_index/resource_index/parent_prefix_path/mujoco
[9.170s] -- Installing: /home/melissa/Documentos/Servicio/Pumanoids/install/mujoco/share/mujoco/environment/ament_prefix_path.sh
[9.172s] -- Installing: /home/melissa/Documentos/Servicio/Pumanoids/install/mujoco/share/mujoco/environment/ament_prefix_path.dsv
[9.177s] -- Installing: /home/melissa/Documentos/Servicio/Pumanoids/install/mujoco/share/mujoco/environment/path.sh
[9.179s] -- Installing: /home/melissa/Documentos/Servicio/Pumanoids/install/mujoco/share/mujoco/environment/path.dsv
[9.182s] -- Installing: /home/melissa/Documentos/Servicio/Pumanoids/install/mujoco/share/mujoco/local_setup.bash
[9.191s] -- Installing: /home/melissa/Documentos/Servicio/Pumanoids/install/mujoco/share/mujoco/local_setup.sh
[9.192s] -- Installing: /home/melissa/Documentos/Servicio/Pumanoids/install/mujoco/share/mujoco/local_setup.zsh
[9.197s] -- Installing: /home/melissa/Documentos/Servicio/Pumanoids/install/mujoco/share/mujoco/local_setup.dsv
[9.200s] -- Installing: /home/melissa/Documentos/Servicio/Pumanoids/install/mujoco/share/mujoco/package.dsv
[9.204s] -- Installing: /home/melissa/Documentos/Servicio/Pumanoids/install/mujoco/share/ament_index/resource_index/packages/mujoco
[9.210s] -- Installing: /home/melissa/Documentos/Servicio/Pumanoids/install/mujoco/share/mujoco/cmake/mujocoConfig.cmake
[9.212s] -- Installing: /home/melissa/Documentos/Servicio/Pumanoids/install/mujoco/share/mujoco/cmake/mujocoConfig-version.cmake
[9.216s] -- Installing: /home/melissa/Documentos/Servicio/Pumanoids/install/mujoco/share/mujoco/package.xml
[9.228s] Invoked command in '/home/melissa/Documentos/Servicio/Pumanoids/build/mujoco' returned '0': CMAKE_PREFIX_PATH=${CMAKE_PREFIX_PATH}:/opt/ros/jazzy DEBUGINFOD_URLS=https://debuginfod.ubuntu.com /usr/bin/cmake --install /home/melissa/Documentos/Servicio/Pumanoids/build/mujoco
