[9.570s] Invoking command in '/home/melissa/Documentos/Servicio/Pumanoids/colcon_ws/src/robots/darwin/darwin_description': DEBUGINFOD_URLS=https://debuginfod.ubuntu.com PYTHONPATH=/home/melissa/Documentos/Servicio/Pumanoids/build/darwin_description/prefix_override:/usr/lib/python3/dist-packages/colcon_core/task/python/colcon_distutils_commands:/home/melissa/Documentos/Servicio/Pumanoids/install/darwin_description/lib/python3.12/site-packages:${PYTHONPATH} /usr/bin/python3 -W ignore:setup.py install is deprecated -W ignore:easy_install command is deprecated setup.py egg_info --egg-base ../../../../../build/darwin_description build --build-base /home/melissa/Documentos/Servicio/Pumanoids/build/darwin_description/build install --record /home/melissa/Documentos/Servicio/Pumanoids/build/darwin_description/install.log --single-version-externally-managed install_data
[12.713s] running egg_info
[12.714s] creating ../../../../../build/darwin_description/darwin_description.egg-info
[12.952s] writing ../../../../../build/darwin_description/darwin_description.egg-info/PKG-INFO
[12.957s] writing dependency_links to ../../../../../build/darwin_description/darwin_description.egg-info/dependency_links.txt
[12.959s] writing requirements to ../../../../../build/darwin_description/darwin_description.egg-info/requires.txt
[12.959s] writing top-level names to ../../../../../build/darwin_description/darwin_description.egg-info/top_level.txt
[12.960s] writing manifest file '../../../../../build/darwin_description/darwin_description.egg-info/SOURCES.txt'
[13.400s] reading manifest file '../../../../../build/darwin_description/darwin_description.egg-info/SOURCES.txt'
[13.414s] writing manifest file '../../../../../build/darwin_description/darwin_description.egg-info/SOURCES.txt'
[13.415s] running build
[13.419s] running build_py
[13.420s] creating /home/melissa/Documentos/Servicio/Pumanoids/build/darwin_description/build
[13.420s] creating /home/melissa/Documentos/Servicio/Pumanoids/build/darwin_description/build/lib
[13.425s] creating /home/melissa/Documentos/Servicio/Pumanoids/build/darwin_description/build/lib/darwin_description
[13.425s] copying darwin_description/__init__.py -> /home/melissa/Documentos/Servicio/Pumanoids/build/darwin_description/build/lib/darwin_description
[13.426s] running install
[13.475s] running install_lib
[13.717s] creating /home/melissa/Documentos/Servicio/Pumanoids/install/darwin_description/lib/python3.12/site-packages/darwin_description
[13.722s] copying /home/melissa/Documentos/Servicio/Pumanoids/build/darwin_description/build/lib/darwin_description/__init__.py -> /home/melissa/Documentos/Servicio/Pumanoids/install/darwin_description/lib/python3.12/site-packages/darwin_description
[13.723s] byte-compiling /home/melissa/Documentos/Servicio/Pumanoids/install/darwin_description/lib/python3.12/site-packages/darwin_description/__init__.py to __init__.cpython-312.pyc
[13.726s] running install_data
[13.730s] creating /home/melissa/Documentos/Servicio/Pumanoids/install/darwin_description/share/ament_index
[13.733s] creating /home/melissa/Documentos/Servicio/Pumanoids/install/darwin_description/share/ament_index/resource_index
[13.736s] creating /home/melissa/Documentos/Servicio/Pumanoids/install/darwin_description/share/ament_index/resource_index/packages
[13.737s] copying resource/darwin_description -> /home/melissa/Documentos/Servicio/Pumanoids/install/darwin_description/share/ament_index/resource_index/packages
[13.738s] copying package.xml -> /home/melissa/Documentos/Servicio/Pumanoids/install/darwin_description/share/darwin_description
[13.739s] creating /home/melissa/Documentos/Servicio/Pumanoids/install/darwin_description/share/darwin_description/urdf
[13.741s] copying urdf/darwin_lab.urdf -> /home/melissa/Documentos/Servicio/Pumanoids/install/darwin_description/share/darwin_description/urdf
[13.742s] copying urdf/darwin_lab_fixed.urdf -> /home/melissa/Documentos/Servicio/Pumanoids/install/darwin_description/share/darwin_description/urdf
[13.743s] creating /home/melissa/Documentos/Servicio/Pumanoids/install/darwin_description/share/darwin_description/meshes
[13.744s] copying meshes/shoulder_l_coll.stl -> /home/melissa/Documentos/Servicio/Pumanoids/install/darwin_description/share/darwin_description/meshes
[13.746s] copying meshes/body.STL -> /home/melissa/Documentos/Servicio/Pumanoids/install/darwin_description/share/darwin_description/meshes
[13.774s] copying meshes/shoulder_r.STL -> /home/melissa/Documentos/Servicio/Pumanoids/install/darwin_description/share/darwin_description/meshes
[13.778s] copying meshes/arm_high_l.STL -> /home/melissa/Documentos/Servicio/Pumanoids/install/darwin_description/share/darwin_description/meshes
[13.791s] copying meshes/tibia_l.STL -> /home/melissa/Documentos/Servicio/Pumanoids/install/darwin_description/share/darwin_description/meshes
[13.798s] copying meshes/ankle1_l.STL -> /home/melissa/Documentos/Servicio/Pumanoids/install/darwin_description/share/darwin_description/meshes
[13.813s] copying meshes/head.STL -> /home/melissa/Documentos/Servicio/Pumanoids/install/darwin_description/share/darwin_description/meshes
[13.863s] copying meshes/thigh1_r.STL -> /home/melissa/Documentos/Servicio/Pumanoids/install/darwin_description/share/darwin_description/meshes
[13.877s] copying meshes/tibia_l_coll.stl -> /home/melissa/Documentos/Servicio/Pumanoids/install/darwin_description/share/darwin_description/meshes
[13.882s] copying meshes/thigh1_l_coll.stl -> /home/melissa/Documentos/Servicio/Pumanoids/install/darwin_description/share/darwin_description/meshes
[13.886s] copying meshes/ankle2_r.STL -> /home/melissa/Documentos/Servicio/Pumanoids/install/darwin_description/share/darwin_description/meshes
[13.893s] copying meshes/tibia_r.STL -> /home/melissa/Documentos/Servicio/Pumanoids/install/darwin_description/share/darwin_description/meshes
[13.902s] copying meshes/thigh1_r_coll.stl -> /home/melissa/Documentos/Servicio/Pumanoids/install/darwin_description/share/darwin_description/meshes
[13.904s] copying meshes/pelvis_r_coll.stl -> /home/melissa/Documentos/Servicio/Pumanoids/install/darwin_description/share/darwin_description/meshes
[13.909s] copying meshes/pelvis_l.STL -> /home/melissa/Documentos/Servicio/Pumanoids/install/darwin_description/share/darwin_description/meshes
[13.917s] copying meshes/head_coll.stl -> /home/melissa/Documentos/Servicio/Pumanoids/install/darwin_description/share/darwin_description/meshes
[13.924s] copying meshes/ankle2_r_coll.stl -> /home/melissa/Documentos/Servicio/Pumanoids/install/darwin_description/share/darwin_description/meshes
[13.929s] copying meshes/ankle1_r_coll.stl -> /home/melissa/Documentos/Servicio/Pumanoids/install/darwin_description/share/darwin_description/meshes
[13.934s] copying meshes/neck.STL -> /home/melissa/Documentos/Servicio/Pumanoids/install/darwin_description/share/darwin_description/meshes
[13.938s] copying meshes/arm_high_r.STL -> /home/melissa/Documentos/Servicio/Pumanoids/install/darwin_description/share/darwin_description/meshes
[13.957s] copying meshes/thigh2_r_coll.stl -> /home/melissa/Documentos/Servicio/Pumanoids/install/darwin_description/share/darwin_description/meshes
[13.960s] copying meshes/pelvis_l_coll.stl -> /home/melissa/Documentos/Servicio/Pumanoids/install/darwin_description/share/darwin_description/meshes
[13.963s] copying meshes/arm_high_r_coll.stl -> /home/melissa/Documentos/Servicio/Pumanoids/install/darwin_description/share/darwin_description/meshes
[13.968s] copying meshes/neck_coll.stl -> /home/melissa/Documentos/Servicio/Pumanoids/install/darwin_description/share/darwin_description/meshes
[13.971s] copying meshes/pelvis_r.STL -> /home/melissa/Documentos/Servicio/Pumanoids/install/darwin_description/share/darwin_description/meshes
[13.979s] copying meshes/tibia_r_coll.stl -> /home/melissa/Documentos/Servicio/Pumanoids/install/darwin_description/share/darwin_description/meshes
[13.984s] copying meshes/ankle2_l.STL -> /home/melissa/Documentos/Servicio/Pumanoids/install/darwin_description/share/darwin_description/meshes
[13.996s] copying meshes/arm_high_l_coll.stl -> /home/melissa/Documentos/Servicio/Pumanoids/install/darwin_description/share/darwin_description/meshes
[13.999s] copying meshes/shoulder_r_coll.stl -> /home/melissa/Documentos/Servicio/Pumanoids/install/darwin_description/share/darwin_description/meshes
[14.007s] copying meshes/thigh2_l_coll.stl -> /home/melissa/Documentos/Servicio/Pumanoids/install/darwin_description/share/darwin_description/meshes
[14.009s] copying meshes/ankle2_l_coll.stl -> /home/melissa/Documentos/Servicio/Pumanoids/install/darwin_description/share/darwin_description/meshes
[14.020s] copying meshes/ankle1_l_coll.stl -> /home/melissa/Documentos/Servicio/Pumanoids/install/darwin_description/share/darwin_description/meshes
[14.027s] copying meshes/thigh1_l.STL -> /home/melissa/Documentos/Servicio/Pumanoids/install/darwin_description/share/darwin_description/meshes
[14.051s] copying meshes/thigh2_r.STL -> /home/melissa/Documentos/Servicio/Pumanoids/install/darwin_description/share/darwin_description/meshes
[14.067s] copying meshes/ankle1_r.STL -> /home/melissa/Documentos/Servicio/Pumanoids/install/darwin_description/share/darwin_description/meshes
[14.081s] copying meshes/thigh2_l.STL -> /home/melissa/Documentos/Servicio/Pumanoids/install/darwin_description/share/darwin_description/meshes
[14.096s] copying meshes/body_coll.stl -> /home/melissa/Documentos/Servicio/Pumanoids/install/darwin_description/share/darwin_description/meshes
[14.099s] copying meshes/shoulder_l.STL -> /home/melissa/Documentos/Servicio/Pumanoids/install/darwin_description/share/darwin_description/meshes
[14.107s] running install_egg_info
[14.351s] Copying ../../../../../build/darwin_description/darwin_description.egg-info to /home/melissa/Documentos/Servicio/Pumanoids/install/darwin_description/lib/python3.12/site-packages/darwin_description-0.0.0-py3.12.egg-info
[14.358s] running install_scripts
[16.197s] writing list of installed files to '/home/melissa/Documentos/Servicio/Pumanoids/build/darwin_description/install.log'
[16.438s] Invoked command in '/home/melissa/Documentos/Servicio/Pumanoids/colcon_ws/src/robots/darwin/darwin_description' returned '0': DEBUGINFOD_URLS=https://debuginfod.ubuntu.com PYTHONPATH=/home/melissa/Documentos/Servicio/Pumanoids/build/darwin_description/prefix_override:/usr/lib/python3/dist-packages/colcon_core/task/python/colcon_distutils_commands:/home/melissa/Documentos/Servicio/Pumanoids/install/darwin_description/lib/python3.12/site-packages:${PYTHONPATH} /usr/bin/python3 -W ignore:setup.py install is deprecated -W ignore:easy_install command is deprecated setup.py egg_info --egg-base ../../../../../build/darwin_description build --build-base /home/melissa/Documentos/Servicio/Pumanoids/build/darwin_description/build install --record /home/melissa/Documentos/Servicio/Pumanoids/build/darwin_description/install.log --single-version-externally-managed install_data
