-- The C compiler identification is GNU 13.3.0
-- The CXX compiler identification is GNU 13.3.0
-- Detecting C compiler ABI info
-- Detecting C compiler ABI info - done
-- Check for working C compiler: /usr/bin/cc - skipped
-- Detecting C compile features
-- Detecting C compile features - done
-- Detecting CXX compiler ABI info
-- Detecting CXX compiler ABI info - done
-- Check for working CXX compiler: /usr/bin/c++ - skipped
-- Detecting CXX compile features
-- Detecting CXX compile features - done
-- Found ament_cmake: 2.5.4 (/opt/ros/jazzy/share/ament_cmake/cmake)
-- Found Python3: /usr/bin/python3 (found version "3.12.3") found components: Interpreter 
-- Found ros_gz_bridge: 1.0.16 (/opt/ros/jazzy/share/ros_gz_bridge/cmake)
-- Found rosidl_generator_c: 4.6.6 (/opt/ros/jazzy/share/rosidl_generator_c/cmake)
-- Found rosidl_generator_cpp: 4.6.6 (/opt/ros/jazzy/share/rosidl_generator_cpp/cmake)
-- Using all available rosidl_typesupport_c: rosidl_typesupport_fastrtps_c;rosidl_typesupport_introspection_c
-- Using all available rosidl_typesupport_cpp: rosidl_typesupport_fastrtps_cpp;rosidl_typesupport_introspection_cpp
-- Found rmw_implementation_cmake: 7.3.2 (/opt/ros/jazzy/share/rmw_implementation_cmake/cmake)
-- Found rmw_fastrtps_cpp: 8.4.3 (/opt/ros/jazzy/share/rmw_fastrtps_cpp/cmake)
-- Found OpenSSL: /usr/lib/x86_64-linux-gnu/libcrypto.so (found version "3.0.13")  
-- Found FastRTPS: /opt/ros/jazzy/include (Required is at least version "2.13") 
-- Using RMW implementation 'rmw_fastrtps_cpp' as default
-- Looking for gz-msgs10 -- found version 10.3.2
-- Searching for dependencies of gz-msgs10
-- Found Protobuf: /usr/lib/x86_64-linux-gnu/libprotobuf.so (found version "3.21.12") 
-- Looking for gz-utils2 -- found version 2.2.1
-- Searching for dependencies of gz-utils2
-- Looking for gz-math7 -- found version 7.5.2
-- Searching for dependencies of gz-math7
-- Looking for gz-utils2 -- found version 2.2.1
-- Checking for module 'tinyxml2'
--   Found tinyxml2, version 10.0.0
-- Looking for gz-transport13 -- found version 13.4.1
-- Searching for dependencies of gz-transport13
-- Config-file not installed for ZeroMQ -- checking for pkg-config
-- Checking for module 'libzmq >= 4'
--   Found libzmq, version 4.3.5
-- Found ZeroMQ: TRUE (Required is at least version "4") 
-- Checking for module 'uuid'
--   Found uuid, version 2.39.3
-- Found UUID: TRUE  
-- Looking for gz-utils2 -- found version 2.2.1
-- Searching for dependencies of gz-utils2
-- Searching for <gz-utils2> component [cli]
-- Looking for gz-utils2-cli -- found version 2.2.1
-- Searching for dependencies of gz-utils2-cli
-- Looking for gz-msgs10 -- found version 10.3.2
-- Found ros_gz_image: 1.0.16 (/opt/ros/jazzy/share/ros_gz_image/cmake)
-- Found ros_gz_sim: 1.0.16 (/opt/ros/jazzy/share/ros_gz_sim/cmake)
-- Found ament_lint_auto: 0.17.3 (/opt/ros/jazzy/share/ament_lint_auto/cmake)
-- Added test 'lint_cmake' to check CMake code style
-- Added test 'xmllint' to check XML markup files
-- Configuring done (23.8s)
-- Generating done (0.1s)
-- Build files have been written to: /home/melissa/Documentos/Servicio/Pumanoids/build/gazebo_envs
-- Install configuration: ""
-- Installing: /home/melissa/Documentos/Servicio/Pumanoids/install/gazebo_envs/share/gazebo_envs/models
-- Installing: /home/melissa/Documentos/Servicio/Pumanoids/install/gazebo_envs/share/gazebo_envs/models/teensize_field
-- Installing: /home/melissa/Documentos/Servicio/Pumanoids/install/gazebo_envs/share/gazebo_envs/models/teensize_field/materials
-- Installing: /home/melissa/Documentos/Servicio/Pumanoids/install/gazebo_envs/share/gazebo_envs/models/teensize_field/materials/scripts
-- Installing: /home/melissa/Documentos/Servicio/Pumanoids/install/gazebo_envs/share/gazebo_envs/models/teensize_field/materials/scripts/teensize_field.material
-- Installing: /home/melissa/Documentos/Servicio/Pumanoids/install/gazebo_envs/share/gazebo_envs/models/teensize_field/materials/textures
-- Installing: /home/melissa/Documentos/Servicio/Pumanoids/install/gazebo_envs/share/gazebo_envs/models/teensize_field/materials/textures/carpet.jpg
-- Installing: /home/melissa/Documentos/Servicio/Pumanoids/install/gazebo_envs/share/gazebo_envs/models/teensize_field/model-1_4.sdf
-- Installing: /home/melissa/Documentos/Servicio/Pumanoids/install/gazebo_envs/share/gazebo_envs/models/teensize_field/model.config
-- Installing: /home/melissa/Documentos/Servicio/Pumanoids/install/gazebo_envs/share/gazebo_envs/models/teensize_field/mesh
-- Installing: /home/melissa/Documentos/Servicio/Pumanoids/install/gazebo_envs/share/gazebo_envs/models/teensize_field/mesh/annulus.stl
-- Installing: /home/melissa/Documentos/Servicio/Pumanoids/install/gazebo_envs/share/gazebo_envs/models/teensize_field/model.sdf
-- Installing: /home/melissa/Documentos/Servicio/Pumanoids/install/gazebo_envs/share/gazebo_envs/models/teensize_goal2
-- Installing: /home/melissa/Documentos/Servicio/Pumanoids/install/gazebo_envs/share/gazebo_envs/models/teensize_goal2/materials
-- Installing: /home/melissa/Documentos/Servicio/Pumanoids/install/gazebo_envs/share/gazebo_envs/models/teensize_goal2/materials/scripts
-- Installing: /home/melissa/Documentos/Servicio/Pumanoids/install/gazebo_envs/share/gazebo_envs/models/teensize_goal2/materials/scripts/teensize_goal.material
-- Installing: /home/melissa/Documentos/Servicio/Pumanoids/install/gazebo_envs/share/gazebo_envs/models/teensize_goal2/materials/textures
-- Installing: /home/melissa/Documentos/Servicio/Pumanoids/install/gazebo_envs/share/gazebo_envs/models/teensize_goal2/materials/textures/net.png
-- Installing: /home/melissa/Documentos/Servicio/Pumanoids/install/gazebo_envs/share/gazebo_envs/models/teensize_goal2/model-1_4.sdf
-- Installing: /home/melissa/Documentos/Servicio/Pumanoids/install/gazebo_envs/share/gazebo_envs/models/teensize_goal2/model.config
-- Installing: /home/melissa/Documentos/Servicio/Pumanoids/install/gazebo_envs/share/gazebo_envs/models/teensize_goal2/model.sdf
-- Installing: /home/melissa/Documentos/Servicio/Pumanoids/install/gazebo_envs/share/gazebo_envs/models/teensize_ball
-- Installing: /home/melissa/Documentos/Servicio/Pumanoids/install/gazebo_envs/share/gazebo_envs/models/teensize_ball/materials
-- Installing: /home/melissa/Documentos/Servicio/Pumanoids/install/gazebo_envs/share/gazebo_envs/models/teensize_ball/materials/scripts
-- Installing: /home/melissa/Documentos/Servicio/Pumanoids/install/gazebo_envs/share/gazebo_envs/models/teensize_ball/materials/scripts/teensize_ball.material
-- Installing: /home/melissa/Documentos/Servicio/Pumanoids/install/gazebo_envs/share/gazebo_envs/models/teensize_ball/materials/textures
-- Installing: /home/melissa/Documentos/Servicio/Pumanoids/install/gazebo_envs/share/gazebo_envs/models/teensize_ball/materials/textures/ball_official.png
-- Installing: /home/melissa/Documentos/Servicio/Pumanoids/install/gazebo_envs/share/gazebo_envs/models/teensize_ball/materials/textures/ball.png
-- Installing: /home/melissa/Documentos/Servicio/Pumanoids/install/gazebo_envs/share/gazebo_envs/models/teensize_ball/model-1_4.sdf
-- Installing: /home/melissa/Documentos/Servicio/Pumanoids/install/gazebo_envs/share/gazebo_envs/models/teensize_ball/model.config
-- Installing: /home/melissa/Documentos/Servicio/Pumanoids/install/gazebo_envs/share/gazebo_envs/models/teensize_ball/model.sdf
-- Installing: /home/melissa/Documentos/Servicio/Pumanoids/install/gazebo_envs/share/gazebo_envs/models/soft_ground_plane
-- Installing: /home/melissa/Documentos/Servicio/Pumanoids/install/gazebo_envs/share/gazebo_envs/models/soft_ground_plane/model-1_2.sdf
-- Installing: /home/melissa/Documentos/Servicio/Pumanoids/install/gazebo_envs/share/gazebo_envs/models/soft_ground_plane/model-1_4.sdf
-- Installing: /home/melissa/Documentos/Servicio/Pumanoids/install/gazebo_envs/share/gazebo_envs/models/soft_ground_plane/model.config
-- Installing: /home/melissa/Documentos/Servicio/Pumanoids/install/gazebo_envs/share/gazebo_envs/models/soft_ground_plane/model.sdf
-- Installing: /home/melissa/Documentos/Servicio/Pumanoids/install/gazebo_envs/share/gazebo_envs/models/soft_ground_plane/model-1_3.sdf
-- Installing: /home/melissa/Documentos/Servicio/Pumanoids/install/gazebo_envs/share/gazebo_envs/models/teensize_goal
-- Installing: /home/melissa/Documentos/Servicio/Pumanoids/install/gazebo_envs/share/gazebo_envs/models/teensize_goal/materials
-- Installing: /home/melissa/Documentos/Servicio/Pumanoids/install/gazebo_envs/share/gazebo_envs/models/teensize_goal/materials/scripts
-- Installing: /home/melissa/Documentos/Servicio/Pumanoids/install/gazebo_envs/share/gazebo_envs/models/teensize_goal/materials/scripts/teensize_goal.material
-- Installing: /home/melissa/Documentos/Servicio/Pumanoids/install/gazebo_envs/share/gazebo_envs/models/teensize_goal/materials/textures
-- Installing: /home/melissa/Documentos/Servicio/Pumanoids/install/gazebo_envs/share/gazebo_envs/models/teensize_goal/materials/textures/net.png
-- Installing: /home/melissa/Documentos/Servicio/Pumanoids/install/gazebo_envs/share/gazebo_envs/models/teensize_goal/model-1_4.sdf
-- Installing: /home/melissa/Documentos/Servicio/Pumanoids/install/gazebo_envs/share/gazebo_envs/models/teensize_goal/model.config
-- Installing: /home/melissa/Documentos/Servicio/Pumanoids/install/gazebo_envs/share/gazebo_envs/models/teensize_goal/model.sdf
-- Installing: /home/melissa/Documentos/Servicio/Pumanoids/install/gazebo_envs/share/gazebo_envs/worlds
-- Installing: /home/melissa/Documentos/Servicio/Pumanoids/install/gazebo_envs/share/gazebo_envs/worlds/nimbro_op.world
-- Installing: /home/melissa/Documentos/Servicio/Pumanoids/install/gazebo_envs/share/gazebo_envs/config
-- Installing: /home/melissa/Documentos/Servicio/Pumanoids/install/gazebo_envs/share/gazebo_envs/config/gz_bridge.yaml
-- Installing: /home/melissa/Documentos/Servicio/Pumanoids/install/gazebo_envs/share/ament_index/resource_index/package_run_dependencies/gazebo_envs
-- Installing: /home/melissa/Documentos/Servicio/Pumanoids/install/gazebo_envs/share/ament_index/resource_index/parent_prefix_path/gazebo_envs
-- Installing: /home/melissa/Documentos/Servicio/Pumanoids/install/gazebo_envs/share/gazebo_envs/environment/ament_prefix_path.sh
-- Installing: /home/melissa/Documentos/Servicio/Pumanoids/install/gazebo_envs/share/gazebo_envs/environment/ament_prefix_path.dsv
-- Installing: /home/melissa/Documentos/Servicio/Pumanoids/install/gazebo_envs/share/gazebo_envs/environment/path.sh
-- Installing: /home/melissa/Documentos/Servicio/Pumanoids/install/gazebo_envs/share/gazebo_envs/environment/path.dsv
-- Installing: /home/melissa/Documentos/Servicio/Pumanoids/install/gazebo_envs/share/gazebo_envs/local_setup.bash
-- Installing: /home/melissa/Documentos/Servicio/Pumanoids/install/gazebo_envs/share/gazebo_envs/local_setup.sh
-- Installing: /home/melissa/Documentos/Servicio/Pumanoids/install/gazebo_envs/share/gazebo_envs/local_setup.zsh
-- Installing: /home/melissa/Documentos/Servicio/Pumanoids/install/gazebo_envs/share/gazebo_envs/local_setup.dsv
-- Installing: /home/melissa/Documentos/Servicio/Pumanoids/install/gazebo_envs/share/gazebo_envs/package.dsv
-- Installing: /home/melissa/Documentos/Servicio/Pumanoids/install/gazebo_envs/share/ament_index/resource_index/packages/gazebo_envs
-- Installing: /home/melissa/Documentos/Servicio/Pumanoids/install/gazebo_envs/share/gazebo_envs/cmake/gazebo_envsConfig.cmake
-- Installing: /home/melissa/Documentos/Servicio/Pumanoids/install/gazebo_envs/share/gazebo_envs/cmake/gazebo_envsConfig-version.cmake
-- Installing: /home/melissa/Documentos/Servicio/Pumanoids/install/gazebo_envs/share/gazebo_envs/package.xml
