[1.089s] Invoking command in '/home/melissa/Documentos/Servicio/Pumanoids/build/gazebo_envs': CMAKE_PREFIX_PATH=${CMAKE_PREFIX_PATH}:/opt/ros/jazzy DEBUGINFOD_URLS=https://debuginfod.ubuntu.com /usr/bin/cmake /home/melissa/Documentos/Servicio/Pumanoids/colcon_ws/src/simulation/gazebo_envs -DCMAKE_INSTALL_PREFIX=/home/melissa/Documentos/Servicio/Pumanoids/install/gazebo_envs
[1.693s] -- The C compiler identification is GNU 13.3.0
[2.246s] -- The CXX compiler identification is GNU 13.3.0
[2.393s] -- Detecting C compiler ABI info
[3.200s] -- Detecting C compiler ABI info - done
[3.297s] -- Check for working C compiler: /usr/bin/cc - skipped
[3.298s] -- Detecting C compile features
[3.300s] -- Detecting C compile features - done
[3.389s] -- Detecting CXX compiler ABI info
[4.413s] -- Detecting CXX compiler ABI info - done
[4.537s] -- Check for working CXX compiler: /usr/bin/c++ - skipped
[4.540s] -- Detecting CXX compile features
[4.542s] -- Detecting CXX compile features - done
[4.580s] -- Found ament_cmake: 2.5.4 (/opt/ros/jazzy/share/ament_cmake/cmake)
[6.266s] -- Found Python3: /usr/bin/python3 (found version "3.12.3") found components: Interpreter 
[7.947s] -- Found ros_gz_bridge: 1.0.16 (/opt/ros/jazzy/share/ros_gz_bridge/cmake)
[8.787s] -- Found rosidl_generator_c: 4.6.6 (/opt/ros/jazzy/share/rosidl_generator_c/cmake)
[9.099s] -- Found rosidl_generator_cpp: 4.6.6 (/opt/ros/jazzy/share/rosidl_generator_cpp/cmake)
[9.483s] -- Using all available rosidl_typesupport_c: rosidl_typesupport_fastrtps_c;rosidl_typesupport_introspection_c
[9.864s] -- Using all available rosidl_typesupport_cpp: rosidl_typesupport_fastrtps_cpp;rosidl_typesupport_introspection_cpp
[11.284s] -- Found rmw_implementation_cmake: 7.3.2 (/opt/ros/jazzy/share/rmw_implementation_cmake/cmake)
[11.330s] -- Found rmw_fastrtps_cpp: 8.4.3 (/opt/ros/jazzy/share/rmw_fastrtps_cpp/cmake)
[12.189s] -- Found OpenSSL: /usr/lib/x86_64-linux-gnu/libcrypto.so (found version "3.0.13")  
[12.368s] -- Found FastRTPS: /opt/ros/jazzy/include (Required is at least version "2.13") 
[12.623s] -- Using RMW implementation 'rmw_fastrtps_cpp' as default
[14.500s] -- Looking for gz-msgs10 -- found version 10.3.2
[14.625s] -- Searching for dependencies of gz-msgs10
[16.215s] -- Found Protobuf: /usr/lib/x86_64-linux-gnu/libprotobuf.so (found version "3.21.12") 
[16.250s] -- Looking for gz-utils2 -- found version 2.2.1
[16.254s] -- Searching for dependencies of gz-utils2
[16.299s] -- Looking for gz-math7 -- found version 7.5.2
[16.303s] -- Searching for dependencies of gz-math7
[16.304s] -- Looking for gz-utils2 -- found version 2.2.1
[16.350s] -- Checking for module 'tinyxml2'
[16.475s] --   Found tinyxml2, version 10.0.0
[16.802s] -- Looking for gz-transport13 -- found version 13.4.1
[16.803s] -- Searching for dependencies of gz-transport13
[16.995s] -- Config-file not installed for ZeroMQ -- checking for pkg-config
[17.020s] -- Checking for module 'libzmq >= 4'
[17.142s] --   Found libzmq, version 4.3.5
[17.436s] -- Found ZeroMQ: TRUE (Required is at least version "4") 
[17.499s] -- Checking for module 'uuid'
[17.629s] --   Found uuid, version 2.39.3
[17.904s] -- Found UUID: TRUE  
[17.910s] -- Looking for gz-utils2 -- found version 2.2.1
[17.913s] -- Searching for dependencies of gz-utils2
[17.916s] -- Searching for <gz-utils2> component [cli]
[17.947s] -- Looking for gz-utils2-cli -- found version 2.2.1
[17.949s] -- Searching for dependencies of gz-utils2-cli
[17.957s] -- Looking for gz-msgs10 -- found version 10.3.2
[22.699s] -- Found ros_gz_image: 1.0.16 (/opt/ros/jazzy/share/ros_gz_image/cmake)
[22.762s] -- Found ros_gz_sim: 1.0.16 (/opt/ros/jazzy/share/ros_gz_sim/cmake)
[23.551s] -- Found ament_lint_auto: 0.17.3 (/opt/ros/jazzy/share/ament_lint_auto/cmake)
[24.780s] -- Added test 'lint_cmake' to check CMake code style
[24.878s] -- Added test 'xmllint' to check XML markup files
[24.910s] -- Configuring done (23.8s)
[25.092s] -- Generating done (0.1s)
[25.123s] -- Build files have been written to: /home/melissa/Documentos/Servicio/Pumanoids/build/gazebo_envs
[25.209s] Invoked command in '/home/melissa/Documentos/Servicio/Pumanoids/build/gazebo_envs' returned '0': CMAKE_PREFIX_PATH=${CMAKE_PREFIX_PATH}:/opt/ros/jazzy DEBUGINFOD_URLS=https://debuginfod.ubuntu.com /usr/bin/cmake /home/melissa/Documentos/Servicio/Pumanoids/colcon_ws/src/simulation/gazebo_envs -DCMAKE_INSTALL_PREFIX=/home/melissa/Documentos/Servicio/Pumanoids/install/gazebo_envs
[25.218s] Invoking command in '/home/melissa/Documentos/Servicio/Pumanoids/build/gazebo_envs': CMAKE_PREFIX_PATH=${CMAKE_PREFIX_PATH}:/opt/ros/jazzy DEBUGINFOD_URLS=https://debuginfod.ubuntu.com /usr/bin/cmake --build /home/melissa/Documentos/Servicio/Pumanoids/build/gazebo_envs -- -j4 -l4
[25.627s] Invoked command in '/home/melissa/Documentos/Servicio/Pumanoids/build/gazebo_envs' returned '0': CMAKE_PREFIX_PATH=${CMAKE_PREFIX_PATH}:/opt/ros/jazzy DEBUGINFOD_URLS=https://debuginfod.ubuntu.com /usr/bin/cmake --build /home/melissa/Documentos/Servicio/Pumanoids/build/gazebo_envs -- -j4 -l4
[25.645s] Invoking command in '/home/melissa/Documentos/Servicio/Pumanoids/build/gazebo_envs': CMAKE_PREFIX_PATH=${CMAKE_PREFIX_PATH}:/opt/ros/jazzy DEBUGINFOD_URLS=https://debuginfod.ubuntu.com /usr/bin/cmake --install /home/melissa/Documentos/Servicio/Pumanoids/build/gazebo_envs
[25.727s] -- Install configuration: ""
[25.728s] -- Installing: /home/melissa/Documentos/Servicio/Pumanoids/install/gazebo_envs/share/gazebo_envs/models
[25.729s] -- Installing: /home/melissa/Documentos/Servicio/Pumanoids/install/gazebo_envs/share/gazebo_envs/models/teensize_field
[25.730s] -- Installing: /home/melissa/Documentos/Servicio/Pumanoids/install/gazebo_envs/share/gazebo_envs/models/teensize_field/materials
[25.731s] -- Installing: /home/melissa/Documentos/Servicio/Pumanoids/install/gazebo_envs/share/gazebo_envs/models/teensize_field/materials/scripts
[25.731s] -- Installing: /home/melissa/Documentos/Servicio/Pumanoids/install/gazebo_envs/share/gazebo_envs/models/teensize_field/materials/scripts/teensize_field.material
[25.737s] -- Installing: /home/melissa/Documentos/Servicio/Pumanoids/install/gazebo_envs/share/gazebo_envs/models/teensize_field/materials/textures
[25.738s] -- Installing: /home/melissa/Documentos/Servicio/Pumanoids/install/gazebo_envs/share/gazebo_envs/models/teensize_field/materials/textures/carpet.jpg
[25.753s] -- Installing: /home/melissa/Documentos/Servicio/Pumanoids/install/gazebo_envs/share/gazebo_envs/models/teensize_field/model-1_4.sdf
[25.754s] -- Installing: /home/melissa/Documentos/Servicio/Pumanoids/install/gazebo_envs/share/gazebo_envs/models/teensize_field/model.config
[25.755s] -- Installing: /home/melissa/Documentos/Servicio/Pumanoids/install/gazebo_envs/share/gazebo_envs/models/teensize_field/mesh
[25.757s] -- Installing: /home/melissa/Documentos/Servicio/Pumanoids/install/gazebo_envs/share/gazebo_envs/models/teensize_field/mesh/annulus.stl
[25.758s] -- Installing: /home/melissa/Documentos/Servicio/Pumanoids/install/gazebo_envs/share/gazebo_envs/models/teensize_field/model.sdf
[25.760s] -- Installing: /home/melissa/Documentos/Servicio/Pumanoids/install/gazebo_envs/share/gazebo_envs/models/teensize_goal2
[25.761s] -- Installing: /home/melissa/Documentos/Servicio/Pumanoids/install/gazebo_envs/share/gazebo_envs/models/teensize_goal2/materials
[25.762s] -- Installing: /home/melissa/Documentos/Servicio/Pumanoids/install/gazebo_envs/share/gazebo_envs/models/teensize_goal2/materials/scripts
[25.763s] -- Installing: /home/melissa/Documentos/Servicio/Pumanoids/install/gazebo_envs/share/gazebo_envs/models/teensize_goal2/materials/scripts/teensize_goal.material
[25.763s] -- Installing: /home/melissa/Documentos/Servicio/Pumanoids/install/gazebo_envs/share/gazebo_envs/models/teensize_goal2/materials/textures
[25.764s] -- Installing: /home/melissa/Documentos/Servicio/Pumanoids/install/gazebo_envs/share/gazebo_envs/models/teensize_goal2/materials/textures/net.png
[25.765s] -- Installing: /home/melissa/Documentos/Servicio/Pumanoids/install/gazebo_envs/share/gazebo_envs/models/teensize_goal2/model-1_4.sdf
[25.766s] -- Installing: /home/melissa/Documentos/Servicio/Pumanoids/install/gazebo_envs/share/gazebo_envs/models/teensize_goal2/model.config
[25.767s] -- Installing: /home/melissa/Documentos/Servicio/Pumanoids/install/gazebo_envs/share/gazebo_envs/models/teensize_goal2/model.sdf
[25.768s] -- Installing: /home/melissa/Documentos/Servicio/Pumanoids/install/gazebo_envs/share/gazebo_envs/models/teensize_ball
[25.769s] -- Installing: /home/melissa/Documentos/Servicio/Pumanoids/install/gazebo_envs/share/gazebo_envs/models/teensize_ball/materials
[25.769s] -- Installing: /home/melissa/Documentos/Servicio/Pumanoids/install/gazebo_envs/share/gazebo_envs/models/teensize_ball/materials/scripts
[25.770s] -- Installing: /home/melissa/Documentos/Servicio/Pumanoids/install/gazebo_envs/share/gazebo_envs/models/teensize_ball/materials/scripts/teensize_ball.material
[25.771s] -- Installing: /home/melissa/Documentos/Servicio/Pumanoids/install/gazebo_envs/share/gazebo_envs/models/teensize_ball/materials/textures
[25.772s] -- Installing: /home/melissa/Documentos/Servicio/Pumanoids/install/gazebo_envs/share/gazebo_envs/models/teensize_ball/materials/textures/ball_official.png
[25.775s] -- Installing: /home/melissa/Documentos/Servicio/Pumanoids/install/gazebo_envs/share/gazebo_envs/models/teensize_ball/materials/textures/ball.png
[25.776s] -- Installing: /home/melissa/Documentos/Servicio/Pumanoids/install/gazebo_envs/share/gazebo_envs/models/teensize_ball/model-1_4.sdf
[25.777s] -- Installing: /home/melissa/Documentos/Servicio/Pumanoids/install/gazebo_envs/share/gazebo_envs/models/teensize_ball/model.config
[25.778s] -- Installing: /home/melissa/Documentos/Servicio/Pumanoids/install/gazebo_envs/share/gazebo_envs/models/teensize_ball/model.sdf
[25.779s] -- Installing: /home/melissa/Documentos/Servicio/Pumanoids/install/gazebo_envs/share/gazebo_envs/models/soft_ground_plane
[25.779s] -- Installing: /home/melissa/Documentos/Servicio/Pumanoids/install/gazebo_envs/share/gazebo_envs/models/soft_ground_plane/model-1_2.sdf
[25.780s] -- Installing: /home/melissa/Documentos/Servicio/Pumanoids/install/gazebo_envs/share/gazebo_envs/models/soft_ground_plane/model-1_4.sdf
[25.781s] -- Installing: /home/melissa/Documentos/Servicio/Pumanoids/install/gazebo_envs/share/gazebo_envs/models/soft_ground_plane/model.config
[25.782s] -- Installing: /home/melissa/Documentos/Servicio/Pumanoids/install/gazebo_envs/share/gazebo_envs/models/soft_ground_plane/model.sdf
[25.783s] -- Installing: /home/melissa/Documentos/Servicio/Pumanoids/install/gazebo_envs/share/gazebo_envs/models/soft_ground_plane/model-1_3.sdf
[25.784s] -- Installing: /home/melissa/Documentos/Servicio/Pumanoids/install/gazebo_envs/share/gazebo_envs/models/teensize_goal
[25.785s] -- Installing: /home/melissa/Documentos/Servicio/Pumanoids/install/gazebo_envs/share/gazebo_envs/models/teensize_goal/materials
[25.786s] -- Installing: /home/melissa/Documentos/Servicio/Pumanoids/install/gazebo_envs/share/gazebo_envs/models/teensize_goal/materials/scripts
[25.787s] -- Installing: /home/melissa/Documentos/Servicio/Pumanoids/install/gazebo_envs/share/gazebo_envs/models/teensize_goal/materials/scripts/teensize_goal.material
[25.788s] -- Installing: /home/melissa/Documentos/Servicio/Pumanoids/install/gazebo_envs/share/gazebo_envs/models/teensize_goal/materials/textures
[25.788s] -- Installing: /home/melissa/Documentos/Servicio/Pumanoids/install/gazebo_envs/share/gazebo_envs/models/teensize_goal/materials/textures/net.png
[25.789s] -- Installing: /home/melissa/Documentos/Servicio/Pumanoids/install/gazebo_envs/share/gazebo_envs/models/teensize_goal/model-1_4.sdf
[25.790s] -- Installing: /home/melissa/Documentos/Servicio/Pumanoids/install/gazebo_envs/share/gazebo_envs/models/teensize_goal/model.config
[25.792s] -- Installing: /home/melissa/Documentos/Servicio/Pumanoids/install/gazebo_envs/share/gazebo_envs/models/teensize_goal/model.sdf
[25.793s] -- Installing: /home/melissa/Documentos/Servicio/Pumanoids/install/gazebo_envs/share/gazebo_envs/worlds
[25.798s] -- Installing: /home/melissa/Documentos/Servicio/Pumanoids/install/gazebo_envs/share/gazebo_envs/worlds/nimbro_op.world
[25.801s] -- Installing: /home/melissa/Documentos/Servicio/Pumanoids/install/gazebo_envs/share/gazebo_envs/config
[25.802s] -- Installing: /home/melissa/Documentos/Servicio/Pumanoids/install/gazebo_envs/share/gazebo_envs/config/gz_bridge.yaml
[25.803s] -- Installing: /home/melissa/Documentos/Servicio/Pumanoids/install/gazebo_envs/share/ament_index/resource_index/package_run_dependencies/gazebo_envs
[25.807s] -- Installing: /home/melissa/Documentos/Servicio/Pumanoids/install/gazebo_envs/share/ament_index/resource_index/parent_prefix_path/gazebo_envs
[25.814s] -- Installing: /home/melissa/Documentos/Servicio/Pumanoids/install/gazebo_envs/share/gazebo_envs/environment/ament_prefix_path.sh
[25.816s] -- Installing: /home/melissa/Documentos/Servicio/Pumanoids/install/gazebo_envs/share/gazebo_envs/environment/ament_prefix_path.dsv
[25.817s] -- Installing: /home/melissa/Documentos/Servicio/Pumanoids/install/gazebo_envs/share/gazebo_envs/environment/path.sh
[25.817s] -- Installing: /home/melissa/Documentos/Servicio/Pumanoids/install/gazebo_envs/share/gazebo_envs/environment/path.dsv
[25.818s] -- Installing: /home/melissa/Documentos/Servicio/Pumanoids/install/gazebo_envs/share/gazebo_envs/local_setup.bash
[25.835s] -- Installing: /home/melissa/Documentos/Servicio/Pumanoids/install/gazebo_envs/share/gazebo_envs/local_setup.sh
[25.856s] -- Installing: /home/melissa/Documentos/Servicio/Pumanoids/install/gazebo_envs/share/gazebo_envs/local_setup.zsh
[25.856s] -- Installing: /home/melissa/Documentos/Servicio/Pumanoids/install/gazebo_envs/share/gazebo_envs/local_setup.dsv
[25.861s] -- Installing: /home/melissa/Documentos/Servicio/Pumanoids/install/gazebo_envs/share/gazebo_envs/package.dsv
[25.862s] -- Installing: /home/melissa/Documentos/Servicio/Pumanoids/install/gazebo_envs/share/ament_index/resource_index/packages/gazebo_envs
[25.863s] -- Installing: /home/melissa/Documentos/Servicio/Pumanoids/install/gazebo_envs/share/gazebo_envs/cmake/gazebo_envsConfig.cmake
[25.863s] -- Installing: /home/melissa/Documentos/Servicio/Pumanoids/install/gazebo_envs/share/gazebo_envs/cmake/gazebo_envsConfig-version.cmake
[25.868s] -- Installing: /home/melissa/Documentos/Servicio/Pumanoids/install/gazebo_envs/share/gazebo_envs/package.xml
[25.869s] Invoked command in '/home/melissa/Documentos/Servicio/Pumanoids/build/gazebo_envs' returned '0': CMAKE_PREFIX_PATH=${CMAKE_PREFIX_PATH}:/opt/ros/jazzy DEBUGINFOD_URLS=https://debuginfod.ubuntu.com /usr/bin/cmake --install /home/melissa/Documentos/Servicio/Pumanoids/build/gazebo_envs
