/home/melissa/Documentos/Servicio/Pumanoids/install/darwin_description/lib/python3.12/site-packages/darwin_description/__init__.py
/home/melissa/Documentos/Servicio/Pumanoids/install/darwin_description/lib/python3.12/site-packages/darwin_description/__pycache__/__init__.cpython-312.pyc
/home/melissa/Documentos/Servicio/Pumanoids/install/darwin_description/share/ament_index/resource_index/packages/darwin_description
/home/melissa/Documentos/Servicio/Pumanoids/install/darwin_description/share/darwin_description/package.xml
/home/melissa/Documentos/Servicio/Pumanoids/install/darwin_description/share/darwin_description/urdf/darwin_lab.urdf
/home/melissa/Documentos/Servicio/Pumanoids/install/darwin_description/share/darwin_description/urdf/darwin_lab_fixed.urdf
/home/melissa/Documentos/Servicio/Pumanoids/install/darwin_description/share/darwin_description/meshes/shoulder_l_coll.stl
/home/melissa/Documentos/Servicio/Pumanoids/install/darwin_description/share/darwin_description/meshes/body.STL
/home/melissa/Documentos/Servicio/Pumanoids/install/darwin_description/share/darwin_description/meshes/shoulder_r.STL
/home/melissa/Documentos/Servicio/Pumanoids/install/darwin_description/share/darwin_description/meshes/arm_high_l.STL
/home/melissa/Documentos/Servicio/Pumanoids/install/darwin_description/share/darwin_description/meshes/tibia_l.STL
/home/melissa/Documentos/Servicio/Pumanoids/install/darwin_description/share/darwin_description/meshes/ankle1_l.STL
/home/melissa/Documentos/Servicio/Pumanoids/install/darwin_description/share/darwin_description/meshes/head.STL
/home/melissa/Documentos/Servicio/Pumanoids/install/darwin_description/share/darwin_description/meshes/thigh1_r.STL
/home/melissa/Documentos/Servicio/Pumanoids/install/darwin_description/share/darwin_description/meshes/tibia_l_coll.stl
/home/melissa/Documentos/Servicio/Pumanoids/install/darwin_description/share/darwin_description/meshes/thigh1_l_coll.stl
/home/melissa/Documentos/Servicio/Pumanoids/install/darwin_description/share/darwin_description/meshes/ankle2_r.STL
/home/melissa/Documentos/Servicio/Pumanoids/install/darwin_description/share/darwin_description/meshes/tibia_r.STL
/home/melissa/Documentos/Servicio/Pumanoids/install/darwin_description/share/darwin_description/meshes/thigh1_r_coll.stl
/home/melissa/Documentos/Servicio/Pumanoids/install/darwin_description/share/darwin_description/meshes/pelvis_r_coll.stl
/home/melissa/Documentos/Servicio/Pumanoids/install/darwin_description/share/darwin_description/meshes/pelvis_l.STL
/home/melissa/Documentos/Servicio/Pumanoids/install/darwin_description/share/darwin_description/meshes/head_coll.stl
/home/melissa/Documentos/Servicio/Pumanoids/install/darwin_description/share/darwin_description/meshes/ankle2_r_coll.stl
/home/melissa/Documentos/Servicio/Pumanoids/install/darwin_description/share/darwin_description/meshes/ankle1_r_coll.stl
/home/melissa/Documentos/Servicio/Pumanoids/install/darwin_description/share/darwin_description/meshes/neck.STL
/home/melissa/Documentos/Servicio/Pumanoids/install/darwin_description/share/darwin_description/meshes/arm_high_r.STL
/home/melissa/Documentos/Servicio/Pumanoids/install/darwin_description/share/darwin_description/meshes/thigh2_r_coll.stl
/home/melissa/Documentos/Servicio/Pumanoids/install/darwin_description/share/darwin_description/meshes/pelvis_l_coll.stl
/home/melissa/Documentos/Servicio/Pumanoids/install/darwin_description/share/darwin_description/meshes/arm_high_r_coll.stl
/home/melissa/Documentos/Servicio/Pumanoids/install/darwin_description/share/darwin_description/meshes/neck_coll.stl
/home/melissa/Documentos/Servicio/Pumanoids/install/darwin_description/share/darwin_description/meshes/pelvis_r.STL
/home/melissa/Documentos/Servicio/Pumanoids/install/darwin_description/share/darwin_description/meshes/tibia_r_coll.stl
/home/melissa/Documentos/Servicio/Pumanoids/install/darwin_description/share/darwin_description/meshes/ankle2_l.STL
/home/melissa/Documentos/Servicio/Pumanoids/install/darwin_description/share/darwin_description/meshes/arm_high_l_coll.stl
/home/melissa/Documentos/Servicio/Pumanoids/install/darwin_description/share/darwin_description/meshes/shoulder_r_coll.stl
/home/melissa/Documentos/Servicio/Pumanoids/install/darwin_description/share/darwin_description/meshes/thigh2_l_coll.stl
/home/melissa/Documentos/Servicio/Pumanoids/install/darwin_description/share/darwin_description/meshes/ankle2_l_coll.stl
/home/melissa/Documentos/Servicio/Pumanoids/install/darwin_description/share/darwin_description/meshes/ankle1_l_coll.stl
/home/melissa/Documentos/Servicio/Pumanoids/install/darwin_description/share/darwin_description/meshes/thigh1_l.STL
/home/melissa/Documentos/Servicio/Pumanoids/install/darwin_description/share/darwin_description/meshes/thigh2_r.STL
/home/melissa/Documentos/Servicio/Pumanoids/install/darwin_description/share/darwin_description/meshes/ankle1_r.STL
/home/melissa/Documentos/Servicio/Pumanoids/install/darwin_description/share/darwin_description/meshes/thigh2_l.STL
/home/melissa/Documentos/Servicio/Pumanoids/install/darwin_description/share/darwin_description/meshes/body_coll.stl
/home/melissa/Documentos/Servicio/Pumanoids/install/darwin_description/share/darwin_description/meshes/shoulder_l.STL
/home/melissa/Documentos/Servicio/Pumanoids/install/darwin_description/lib/python3.12/site-packages/darwin_description-0.0.0-py3.12.egg-info/SOURCES.txt
/home/melissa/Documentos/Servicio/Pumanoids/install/darwin_description/lib/python3.12/site-packages/darwin_description-0.0.0-py3.12.egg-info/PKG-INFO
/home/melissa/Documentos/Servicio/Pumanoids/install/darwin_description/lib/python3.12/site-packages/darwin_description-0.0.0-py3.12.egg-info/top_level.txt
/home/melissa/Documentos/Servicio/Pumanoids/install/darwin_description/lib/python3.12/site-packages/darwin_description-0.0.0-py3.12.egg-info/zip-safe
/home/melissa/Documentos/Servicio/Pumanoids/install/darwin_description/lib/python3.12/site-packages/darwin_description-0.0.0-py3.12.egg-info/dependency_links.txt
/home/melissa/Documentos/Servicio/Pumanoids/install/darwin_description/lib/python3.12/site-packages/darwin_description-0.0.0-py3.12.egg-info/requires.txt
