-- The C compiler identification is GNU 13.3.0
-- The CXX compiler identification is GNU 13.3.0
-- Detecting C compiler ABI info
-- Detecting C compiler ABI info - done
-- Check for working C compiler: /usr/bin/cc - skipped
-- Detecting C compile features
-- Detecting C compile features - done
-- Detecting CXX compiler ABI info
-- Detecting CXX compiler ABI info - done
-- Check for working CXX compiler: /usr/bin/c++ - skipped
-- Detecting CXX compile features
-- Detecting CXX compile features - done
-- Found ament_cmake: 2.5.4 (/opt/ros/jazzy/share/ament_cmake/cmake)
-- Found Python3: /usr/bin/python3 (found version "3.12.3") found components: Interpreter 
-- Found rclcpp: 28.1.12 (/opt/ros/jazzy/share/rclcpp/cmake)
-- Found rosidl_generator_c: 4.6.6 (/opt/ros/jazzy/share/rosidl_generator_c/cmake)
-- Found rosidl_generator_cpp: 4.6.6 (/opt/ros/jazzy/share/rosidl_generator_cpp/cmake)
-- Using all available rosidl_typesupport_c: rosidl_typesupport_fastrtps_c;rosidl_typesupport_introspection_c
-- Using all available rosidl_typesupport_cpp: rosidl_typesupport_fastrtps_cpp;rosidl_typesupport_introspection_cpp
-- Found rmw_implementation_cmake: 7.3.2 (/opt/ros/jazzy/share/rmw_implementation_cmake/cmake)
-- Found rmw_fastrtps_cpp: 8.4.3 (/opt/ros/jazzy/share/rmw_fastrtps_cpp/cmake)
-- Found OpenSSL: /usr/lib/x86_64-linux-gnu/libcrypto.so (found version "3.0.13")  
-- Found FastRTPS: /opt/ros/jazzy/include (Required is at least version "2.13") 
-- Using RMW implementation 'rmw_fastrtps_cpp' as default
-- Found std_msgs: 5.3.6 (/opt/ros/jazzy/share/std_msgs/cmake)
-- Found geometry_msgs: 5.3.6 (/opt/ros/jazzy/share/geometry_msgs/cmake)
-- Found sensor_msgs: 5.3.6 (/opt/ros/jazzy/share/sensor_msgs/cmake)
-- Found tf2_msgs: 0.36.14 (/opt/ros/jazzy/share/tf2_msgs/cmake)
-- Found dynamixel_sdk: 3.8.4 (/opt/ros/jazzy/share/dynamixel_sdk/cmake)
-- Found ament_lint_auto: 0.17.3 (/opt/ros/jazzy/share/ament_lint_auto/cmake)
-- Added test 'cppcheck' to perform static code analysis on C / C++ code
-- Configured cppcheck include dirs: $<BUILD_INTERFACE:/home/melissa/Documentos/Servicio/Pumanoids/colcon_ws/src/hardware/dynamixel/include>
-- Configured cppcheck exclude dirs and/or files: 
-- Added test 'lint_cmake' to check CMake code style
-- Added test 'uncrustify' to check C / C++ code style
-- Configured uncrustify additional arguments: 
-- Added test 'xmllint' to check XML markup files
-- Configuring done (15.8s)
-- Generating done (0.1s)
-- Build files have been written to: /home/melissa/Documentos/Servicio/Pumanoids/build/dynamixel
[ 25%] [32mBuilding CXX object CMakeFiles/cm730_v3_node.dir/src/servo_utils.cpp.o[0m
[ 50%] [32mBuilding CXX object CMakeFiles/cm730_v3_node.dir/src/cm730_v3.cpp.o[0m
[ 75%] [32mBuilding CXX object CMakeFiles/cm730_v3_node.dir/src/cm730_utils.cpp.o[0m
[100%] [32m[1mLinking CXX executable cm730_v3_node[0m
[100%] Built target cm730_v3_node
-- Install configuration: ""
-- Installing: /home/melissa/Documentos/Servicio/Pumanoids/install/dynamixel/lib/dynamixel/cm730_v3_node
-- Set non-toolchain portion of runtime path of "/home/melissa/Documentos/Servicio/Pumanoids/install/dynamixel/lib/dynamixel/cm730_v3_node" to ""
-- Installing: /home/melissa/Documentos/Servicio/Pumanoids/install/dynamixel/share/ament_index/resource_index/package_run_dependencies/dynamixel
-- Installing: /home/melissa/Documentos/Servicio/Pumanoids/install/dynamixel/share/ament_index/resource_index/parent_prefix_path/dynamixel
-- Installing: /home/melissa/Documentos/Servicio/Pumanoids/install/dynamixel/share/dynamixel/environment/ament_prefix_path.sh
-- Installing: /home/melissa/Documentos/Servicio/Pumanoids/install/dynamixel/share/dynamixel/environment/ament_prefix_path.dsv
-- Installing: /home/melissa/Documentos/Servicio/Pumanoids/install/dynamixel/share/dynamixel/environment/path.sh
-- Installing: /home/melissa/Documentos/Servicio/Pumanoids/install/dynamixel/share/dynamixel/environment/path.dsv
-- Installing: /home/melissa/Documentos/Servicio/Pumanoids/install/dynamixel/share/dynamixel/local_setup.bash
-- Installing: /home/melissa/Documentos/Servicio/Pumanoids/install/dynamixel/share/dynamixel/local_setup.sh
-- Installing: /home/melissa/Documentos/Servicio/Pumanoids/install/dynamixel/share/dynamixel/local_setup.zsh
-- Installing: /home/melissa/Documentos/Servicio/Pumanoids/install/dynamixel/share/dynamixel/local_setup.dsv
-- Installing: /home/melissa/Documentos/Servicio/Pumanoids/install/dynamixel/share/dynamixel/package.dsv
-- Installing: /home/melissa/Documentos/Servicio/Pumanoids/install/dynamixel/share/ament_index/resource_index/packages/dynamixel
-- Installing: /home/melissa/Documentos/Servicio/Pumanoids/install/dynamixel/share/dynamixel/cmake/dynamixelConfig.cmake
-- Installing: /home/melissa/Documentos/Servicio/Pumanoids/install/dynamixel/share/dynamixel/cmake/dynamixelConfig-version.cmake
-- Installing: /home/melissa/Documentos/Servicio/Pumanoids/install/dynamixel/share/dynamixel/package.xml
