[0.102s] Invoking command in '/home/melissa/Documentos/Servicio/Pumanoids/build/surge_et_ambula': CMAKE_PREFIX_PATH=${CMAKE_PREFIX_PATH}:/opt/ros/jazzy DEBUGINFOD_URLS=https://debuginfod.ubuntu.com /usr/bin/cmake /home/melissa/Documentos/Servicio/Pumanoids/colcon_ws/src/surge_et_ambula -DCMAKE_INSTALL_PREFIX=/home/melissa/Documentos/Servicio/Pumanoids/install/surge_et_ambula
[0.538s] -- The C compiler identification is GNU 13.3.0
[1.002s] -- The CXX compiler identification is GNU 13.3.0
[1.127s] -- Detecting C compiler ABI info
[1.900s] -- Detecting C compiler ABI info - done
[2.005s] -- Check for working C compiler: /usr/bin/cc - skipped
[2.006s] -- Detecting C compile features
[2.010s] -- Detecting C compile features - done
[2.080s] -- Detecting CXX compiler ABI info
[2.940s] -- Detecting CXX compiler ABI info - done
[3.109s] -- Check for working CXX compiler: /usr/bin/c++ - skipped
[3.113s] -- Detecting CXX compile features
[3.126s] -- Detecting CXX compile features - done
[3.171s] -- Found ament_cmake: 2.5.4 (/opt/ros/jazzy/share/ament_cmake/cmake)
[4.844s] -- Found Python3: /usr/bin/python3 (found version "3.12.3") found components: Interpreter 
[6.036s] -- Found ament_lint_auto: 0.17.3 (/opt/ros/jazzy/share/ament_lint_auto/cmake)
[6.911s] -- Added test 'flake8' to check Python code syntax and style conventions
[6.912s] -- Configured 'flake8' exclude dirs and/or files: 
[6.929s] -- Added test 'lint_cmake' to check CMake code style
[6.944s] -- Added test 'pep257' to check Python code against some of the docstring style conventions in PEP 257
[6.955s] -- Added test 'xmllint' to check XML markup files
[6.978s] -- Configuring done (6.8s)
[7.003s] -- Generating done (0.0s)
[7.019s] -- Build files have been written to: /home/melissa/Documentos/Servicio/Pumanoids/build/surge_et_ambula
[7.053s] Invoked command in '/home/melissa/Documentos/Servicio/Pumanoids/build/surge_et_ambula' returned '0': CMAKE_PREFIX_PATH=${CMAKE_PREFIX_PATH}:/opt/ros/jazzy DEBUGINFOD_URLS=https://debuginfod.ubuntu.com /usr/bin/cmake /home/melissa/Documentos/Servicio/Pumanoids/colcon_ws/src/surge_et_ambula -DCMAKE_INSTALL_PREFIX=/home/melissa/Documentos/Servicio/Pumanoids/install/surge_et_ambula
[7.060s] Invoking command in '/home/melissa/Documentos/Servicio/Pumanoids/build/surge_et_ambula': CMAKE_PREFIX_PATH=${CMAKE_PREFIX_PATH}:/opt/ros/jazzy DEBUGINFOD_URLS=https://debuginfod.ubuntu.com /usr/bin/cmake --build /home/melissa/Documentos/Servicio/Pumanoids/build/surge_et_ambula -- -j4 -l4
[7.372s] Invoked command in '/home/melissa/Documentos/Servicio/Pumanoids/build/surge_et_ambula' returned '0': CMAKE_PREFIX_PATH=${CMAKE_PREFIX_PATH}:/opt/ros/jazzy DEBUGINFOD_URLS=https://debuginfod.ubuntu.com /usr/bin/cmake --build /home/melissa/Documentos/Servicio/Pumanoids/build/surge_et_ambula -- -j4 -l4
[7.385s] Invoking command in '/home/melissa/Documentos/Servicio/Pumanoids/build/surge_et_ambula': CMAKE_PREFIX_PATH=${CMAKE_PREFIX_PATH}:/opt/ros/jazzy DEBUGINFOD_URLS=https://debuginfod.ubuntu.com /usr/bin/cmake --install /home/melissa/Documentos/Servicio/Pumanoids/build/surge_et_ambula
[7.448s] -- Install configuration: ""
[7.450s] -- Installing: /home/melissa/Documentos/Servicio/Pumanoids/install/surge_et_ambula/share/surge_et_ambula/launch
[7.453s] -- Installing: /home/melissa/Documentos/Servicio/Pumanoids/install/surge_et_ambula/share/surge_et_ambula/launch/darwin_sim.launch.py
[7.455s] -- Installing: /home/melissa/Documentos/Servicio/Pumanoids/install/surge_et_ambula/share/ament_index/resource_index/package_run_dependencies/surge_et_ambula
[7.458s] -- Installing: /home/melissa/Documentos/Servicio/Pumanoids/install/surge_et_ambula/share/ament_index/resource_index/parent_prefix_path/surge_et_ambula
[7.461s] -- Installing: /home/melissa/Documentos/Servicio/Pumanoids/install/surge_et_ambula/share/surge_et_ambula/environment/ament_prefix_path.sh
[7.462s] -- Installing: /home/melissa/Documentos/Servicio/Pumanoids/install/surge_et_ambula/share/surge_et_ambula/environment/ament_prefix_path.dsv
[7.465s] -- Installing: /home/melissa/Documentos/Servicio/Pumanoids/install/surge_et_ambula/share/surge_et_ambula/environment/path.sh
[7.468s] -- Installing: /home/melissa/Documentos/Servicio/Pumanoids/install/surge_et_ambula/share/surge_et_ambula/environment/path.dsv
[7.470s] -- Installing: /home/melissa/Documentos/Servicio/Pumanoids/install/surge_et_ambula/share/surge_et_ambula/local_setup.bash
[7.471s] -- Installing: /home/melissa/Documentos/Servicio/Pumanoids/install/surge_et_ambula/share/surge_et_ambula/local_setup.sh
[7.473s] -- Installing: /home/melissa/Documentos/Servicio/Pumanoids/install/surge_et_ambula/share/surge_et_ambula/local_setup.zsh
[7.476s] -- Installing: /home/melissa/Documentos/Servicio/Pumanoids/install/surge_et_ambula/share/surge_et_ambula/local_setup.dsv
[7.478s] -- Installing: /home/melissa/Documentos/Servicio/Pumanoids/install/surge_et_ambula/share/surge_et_ambula/package.dsv
[7.481s] -- Installing: /home/melissa/Documentos/Servicio/Pumanoids/install/surge_et_ambula/share/ament_index/resource_index/packages/surge_et_ambula
[7.483s] -- Installing: /home/melissa/Documentos/Servicio/Pumanoids/install/surge_et_ambula/share/surge_et_ambula/cmake/surge_et_ambulaConfig.cmake
[7.486s] -- Installing: /home/melissa/Documentos/Servicio/Pumanoids/install/surge_et_ambula/share/surge_et_ambula/cmake/surge_et_ambulaConfig-version.cmake
[7.489s] -- Installing: /home/melissa/Documentos/Servicio/Pumanoids/install/surge_et_ambula/share/surge_et_ambula/package.xml
[7.497s] Invoked command in '/home/melissa/Documentos/Servicio/Pumanoids/build/surge_et_ambula' returned '0': CMAKE_PREFIX_PATH=${CMAKE_PREFIX_PATH}:/opt/ros/jazzy DEBUGINFOD_URLS=https://debuginfod.ubuntu.com /usr/bin/cmake --install /home/melissa/Documentos/Servicio/Pumanoids/build/surge_et_ambula
